18:31:29 Info: start pid=14684 version=0.286.0 args="C:\\Users\\masou\\AppData\\Local\\Programs\\Python\\Python311\\Scripts\\databricks, bundle, deploy, -t, dev, --log-level, debug, --log-file, deploy_debug.log"
18:31:29 Debug: Found bundle root at C:\Users\masou\OneDrive\Desktop\Python Exercises\Databricks_asset_bundle_project\asset_bundle_project (file C:\Users\masou\OneDrive\Desktop\Python Exercises\Databricks_asset_bundle_project\asset_bundle_project\databricks.yml) pid=14684
18:31:29 Info: Phase: load pid=14684
18:31:29 Debug: Apply pid=14684 mutator=EntryPoint
18:31:29 Debug: Apply pid=14684 mutator=scripts.preinit
18:31:29 Debug: No script defined for preinit, skipping pid=14684 mutator=scripts.preinit
18:31:29 Debug: Apply pid=14684 mutator=ProcessRootIncludes
18:31:29 Debug: Apply pid=14684 mutator=ProcessRootIncludes mutator=ProcessInclude(resources\asset_bundle_project_etl.pipeline.yml)
18:31:29 Debug: Apply pid=14684 mutator=ProcessRootIncludes mutator=ProcessInclude(resources\sample_job.job.yml)
18:31:29 Debug: Apply pid=14684 mutator=VerifyCliVersion
18:31:29 Debug: Apply pid=14684 mutator=EnvironmentsToTargets
18:31:29 Debug: Apply pid=14684 mutator=ComputeIdToClusterId
18:31:29 Debug: Apply pid=14684 mutator=InitializeVariables
18:31:29 Debug: Apply pid=14684 mutator=DefineDefaultTarget(default)
18:31:29 Debug: Apply pid=14684 mutator=validate:unique_resource_keys
18:31:29 Debug: Apply pid=14684 mutator=SelectTarget(dev)
18:31:29 Debug: failed execution pid=14684 exit_code=1
18:31:29 Debug: no telemetry logs to upload pid=14684
18:33:58 Info: start pid=10692 version=0.286.0 args="C:\\Users\\masou\\AppData\\Local\\Programs\\Python\\Python311\\Scripts\\databricks, bundle, deploy, -t, dev, --log-level, debug, --log-file, deploy_debug.log"
18:33:58 Debug: Found bundle root at C:\Users\masou\OneDrive\Desktop\Python Exercises\Databricks_asset_bundle_project\asset_bundle_project (file C:\Users\masou\OneDrive\Desktop\Python Exercises\Databricks_asset_bundle_project\asset_bundle_project\databricks.yml) pid=10692
18:33:58 Info: Phase: load pid=10692
18:33:58 Debug: Apply pid=10692 mutator=EntryPoint
18:33:58 Debug: Apply pid=10692 mutator=scripts.preinit
18:33:58 Debug: No script defined for preinit, skipping pid=10692 mutator=scripts.preinit
18:33:58 Debug: Apply pid=10692 mutator=ProcessRootIncludes
18:33:58 Debug: Apply pid=10692 mutator=ProcessRootIncludes mutator=ProcessInclude(resources\asset_bundle_project_etl.pipeline.yml)
18:33:58 Debug: Apply pid=10692 mutator=ProcessRootIncludes mutator=ProcessInclude(resources\sample_job.job.yml)
18:33:58 Debug: Apply pid=10692 mutator=VerifyCliVersion
18:33:58 Debug: Apply pid=10692 mutator=EnvironmentsToTargets
18:33:58 Debug: Apply pid=10692 mutator=ComputeIdToClusterId
18:33:58 Debug: Apply pid=10692 mutator=InitializeVariables
18:33:58 Debug: Apply pid=10692 mutator=DefineDefaultTarget(default)
18:33:58 Debug: Apply pid=10692 mutator=validate:unique_resource_keys
18:33:58 Debug: Apply pid=10692 mutator=SelectTarget(dev)
18:33:58 Debug: failed execution pid=10692 exit_code=1
18:33:58 Debug: no telemetry logs to upload pid=10692
